// Jest Snapshot v1, https://goo.gl/fbAQLP

exports[`should render an expense item with provided expense object 1`] = `
<div>
  <Link
    to="/edit/2"
  >
    <h3>
      Rent
    </h3>
  </Link>
  <p>
    $109,500.00
    -
    December 27th ,1969
  </p>
</div>
`;
